{'trigger': '推进', 'policy': '自由', 'skill': 1, 'completion': 0.8542077474851392, 'cold_on_success': 4.167111694723996, 'states': 3396, 'seconds': 0.036337834084406495}
{'trigger': '推进', 'policy': '首手最低', 'skill': 1, 'completion': 0.8534438824112175, 'cold_on_success': 3.956436812240052, 'states': 3396, 'seconds': 0.0354432079475373}
{'trigger': '推进', 'policy': '首手最高', 'skill': 1, 'completion': 0.8311923677793016, 'cold_on_success': 4.357537225553764, 'states': 3118, 'seconds': 0.03202279191464186}
{'trigger': '推进', 'policy': '固定甲', 'skill': 1, 'completion': 0.812643782864655, 'cold_on_success': 4.410404713210459, 'states': 1165, 'seconds': 0.007706791860982776}
{'trigger': '推进', 'policy': '未知必用最高', 'skill': 1, 'completion': 0.8310289375666815, 'cold_on_success': 4.358707975551106, 'states': 3009, 'seconds': 0.026596999960020185}
{'trigger': '好档', 'policy': '自由', 'skill': 1, 'completion': 0.8334525570130316, 'cold_on_success': 4.089366929778459, 'states': 3129, 'seconds': 0.03299716697074473}
{'trigger': '好档', 'policy': '首手最低', 'skill': 1, 'completion': 0.8327922870465629, 'cold_on_success': 3.9008551255253505, 'states': 3129, 'seconds': 0.03182695806026459}
{'trigger': '好档', 'policy': '首手最高', 'skill': 1, 'completion': 0.8207835898205303, 'cold_on_success': 4.369343927404678, 'states': 2929, 'seconds': 0.02888624998740852}
{'trigger': '好档', 'policy': '固定甲', 'skill': 1, 'completion': 0.812643782864655, 'cold_on_success': 4.4102003070488225, 'states': 1097, 'seconds': 0.0074938328471034765}
{'trigger': '好档', 'policy': '未知必用最高', 'skill': 1, 'completion': 0.8203325938786009, 'cold_on_success': 4.381455807307612, 'states': 2806, 'seconds': 0.022465042071416974}
{'trigger': '明示', 'policy': '自由', 'skill': 1, 'completion': 0.9003490976508883, 'cold_on_success': 4.4796934615073924, 'states': 6056, 'seconds': 0.06618445902131498}
{'trigger': '推进', 'policy': '自由', 'skill': 2, 'completion': 0.9405386409750801, 'cold_on_success': 4.495793542465351, 'states': 3396, 'seconds': 0.03485525003634393}
{'trigger': '推进', 'policy': '首手最低', 'skill': 2, 'completion': 0.9402052314338515, 'cold_on_success': 4.32231445517344, 'states': 3396, 'seconds': 0.03394112503156066}
{'trigger': '推进', 'policy': '首手最高', 'skill': 2, 'completion': 0.9271632623171014, 'cold_on_success': 4.631545935994417, 'states': 2938, 'seconds': 0.02792745898477733}
{'trigger': '推进', 'policy': '固定甲', 'skill': 2, 'completion': 0.9218106995884778, 'cold_on_success': 4.646127529245202, 'states': 1165, 'seconds': 0.0073308751452714205}
{'trigger': '推进', 'policy': '未知必用最高', 'skill': 2, 'completion': 0.9271439126562268, 'cold_on_success': 4.631635533441011, 'states': 2747, 'seconds': 0.024108292069286108}
{'trigger': '好档', 'policy': '自由', 'skill': 2, 'completion': 0.9343876814700504, 'cold_on_success': 4.434835647097242, 'states': 3129, 'seconds': 0.03415441722609103}
{'trigger': '好档', 'policy': '首手最低', 'skill': 2, 'completion': 0.9341867426840421, 'cold_on_success': 4.284609722288609, 'states': 3129, 'seconds': 0.03015033295378089}
{'trigger': '好档', 'policy': '首手最高', 'skill': 2, 'completion': 0.9246300940214911, 'cold_on_success': 4.632681025110049, 'states': 2810, 'seconds': 0.02622083411552012}
{'trigger': '好档', 'policy': '固定甲', 'skill': 2, 'completion': 0.9218106995884778, 'cold_on_success': 4.645947330212464, 'states': 1097, 'seconds': 0.006923167034983635}
{'trigger': '好档', 'policy': '未知必用最高', 'skill': 2, 'completion': 0.9244220107453136, 'cold_on_success': 4.637648984912478, 'states': 2623, 'seconds': 0.020747165894135833}
{'trigger': '明示', 'policy': '自由', 'skill': 2, 'completion': 0.9601194558756238, 'cold_on_success': 4.728664072150421, 'states': 6056, 'seconds': 0.06295075011439621}
