{'kind': '自由', 'partial': True, 'cost': 0.0, 'order': None, 'value': [0.9967759536877908, 0.2480583515776709, 0.55905011962572, 1.8135482552061746], 'utility': 0.9967759536877908, 'states': 265376, 'seconds': 4.934053791919723}
{'kind': '固定里程碑1', 'partial': True, 'cost': 0.0, 'order': (('甲', 2), ('甲', 0), ('乙', 2), ('乙', 0)), 'value': [0.9945546995724404, 0.3585234623704626, 0.8677228614931161, 1.6835650634528423], 'utility': 0.9945546995724404, 'states': 89484, 'seconds': 1.1719885419588536}
{'kind': '固定里程碑2', 'partial': True, 'cost': 0.0, 'order': (('甲', 2), ('乙', 2), ('甲', 0), ('乙', 0)), 'value': [0.9967210929065132, 0.25047151170190585, 0.565040274979659, 1.7659553587573624], 'utility': 0.9967210929065132, 'states': 130908, 'seconds': 1.772569791879505}
{'kind': '固定里程碑3', 'partial': True, 'cost': 0.0, 'order': (('甲', 2), ('乙', 2), ('乙', 0), ('甲', 0)), 'value': [0.9966952416401068, 0.25061228716100337, 0.5657460981297026, 1.7609184311745711], 'utility': 0.9966952416401068, 'states': 130962, 'seconds': 1.7591673750430346}
{'kind': '固定里程碑4', 'partial': True, 'cost': 0.0, 'order': (('乙', 2), ('乙', 0), ('甲', 2), ('甲', 0)), 'value': [0.9945546995724404, 0.3585234623704626, 0.8677228614931161, 1.6835650634528423], 'utility': 0.9945546995724404, 'states': 89484, 'seconds': 1.191972125088796}
{'kind': '固定里程碑5', 'partial': True, 'cost': 0.0, 'order': (('乙', 2), ('甲', 2), ('乙', 0), ('甲', 0)), 'value': [0.9967210929065132, 0.25047151170190585, 0.565040274979659, 1.7659553587573624], 'utility': 0.9967210929065132, 'states': 130908, 'seconds': 1.7865591670852154}
{'kind': '固定里程碑6', 'partial': True, 'cost': 0.0, 'order': (('乙', 2), ('甲', 2), ('甲', 0), ('乙', 0)), 'value': [0.9966952416401068, 0.25061228716100337, 0.5657460981297026, 1.7609184311745711], 'utility': 0.9966952416401068, 'states': 130962, 'seconds': 1.754306583898142}
{'kind': '看初始手牌选里程碑序', 'partial': True, 'cost': 0.0, 'value': [0.9967225348777585, 0.25052774265201877, 0.5659843060553326, 1.7667222782668461], 'utility': 0.9967225348777585, 'utility_gap': 5.3418810032290764e-05}
{'kind': '自由', 'partial': False, 'cost': 0.0, 'order': None, 'value': [0.9887875666597773, 0.44213221407200776, 1.041446147789317, 1.3419201775958078], 'utility': 0.9887875666597773, 'states': 242391, 'seconds': 4.557113291928545}
{'kind': '固定里程碑1', 'partial': False, 'cost': 0.0, 'order': (('甲', 2), ('甲', 0), ('乙', 2), ('乙', 0)), 'value': [0.9887384724308502, 0.44213221407200776, 1.0391667808974194, 1.3388666699888545], 'utility': 0.9887384724308502, 'states': 83880, 'seconds': 1.0874639169778675}
{'kind': '固定里程碑2', 'partial': False, 'cost': 0.0, 'order': (('甲', 2), ('乙', 2), ('甲', 0), ('乙', 0)), 'value': [0.981184697224884, 0.5699400947023788, 1.486646279061713, 1.393694462040637], 'utility': 0.981184697224884, 'states': 120214, 'seconds': 1.7032071249559522}
{'kind': '固定里程碑3', 'partial': False, 'cost': 0.0, 'order': (('甲', 2), ('乙', 2), ('乙', 0), ('甲', 0)), 'value': [0.9811989431188248, 0.5723092411762263, 1.4699057626938274, 1.3734944603623078], 'utility': 0.9811989431188248, 'states': 120214, 'seconds': 1.630260958103463}
{'kind': '固定里程碑4', 'partial': False, 'cost': 0.0, 'order': (('乙', 2), ('乙', 0), ('甲', 2), ('甲', 0)), 'value': [0.9887384724308502, 0.44213221407200776, 1.0391667808974194, 1.3388666699888545], 'utility': 0.9887384724308502, 'states': 83880, 'seconds': 1.144329166971147}
{'kind': '固定里程碑5', 'partial': False, 'cost': 0.0, 'order': (('乙', 2), ('甲', 2), ('乙', 0), ('甲', 0)), 'value': [0.981184697224884, 0.5699400947023788, 1.486646279061713, 1.393694462040637], 'utility': 0.981184697224884, 'states': 120214, 'seconds': 1.6607869579456747}
{'kind': '固定里程碑6', 'partial': False, 'cost': 0.0, 'order': (('乙', 2), ('甲', 2), ('甲', 0), ('乙', 0)), 'value': [0.9811989431188248, 0.5723092411762263, 1.4699057626938274, 1.3734944603623078], 'utility': 0.9811989431188248, 'states': 120214, 'seconds': 1.730802790960297}
{'kind': '看初始手牌选里程碑序', 'partial': False, 'cost': 0.0, 'value': [0.9887384724308502, 0.44213221407200776, 1.0391667808974194, 1.3388666699888545], 'utility': 0.9887384724308502, 'utility_gap': 4.909422892707127e-05}
{'kind': '自由', 'partial': True, 'cost': 1.0, 'order': None, 'value': [0.9803950626786507, 0.09524159517141069, 0.24994673219592148, 2.5702980587525173], 'utility': 0.88515346750724, 'states': 265376, 'seconds': 5.093319500098005}
{'kind': '固定里程碑1', 'partial': True, 'cost': 1.0, 'order': (('甲', 2), ('甲', 0), ('乙', 2), ('乙', 0)), 'value': [0.953322673896973, 0.11342457030020885, 0.28465461894269983, 2.3526362325909607], 'utility': 0.8398981035967642, 'states': 89484, 'seconds': 1.2634488751646131}
{'kind': '固定里程碑2', 'partial': True, 'cost': 1.0, 'order': (('甲', 2), ('乙', 2), ('甲', 0), ('乙', 0)), 'value': [0.9794263955283894, 0.09532583807822008, 0.24782329418721666, 2.5549112048407485], 'utility': 0.8841005574501694, 'states': 130908, 'seconds': 1.8677053330466151}
{'kind': '固定里程碑3', 'partial': True, 'cost': 1.0, 'order': (('甲', 2), ('乙', 2), ('乙', 0), ('甲', 0)), 'value': [0.9786620190414704, 0.09483151774147061, 0.24567213648701988, 2.570970370355944], 'utility': 0.8838305012999998, 'states': 130962, 'seconds': 1.7732360418885946}
{'kind': '固定里程碑4', 'partial': True, 'cost': 1.0, 'order': (('乙', 2), ('乙', 0), ('甲', 2), ('甲', 0)), 'value': [0.953322673896973, 0.11342457030020885, 0.28465461894269983, 2.3526362325909607], 'utility': 0.8398981035967642, 'states': 89484, 'seconds': 1.1975869580637664}
{'kind': '固定里程碑5', 'partial': True, 'cost': 1.0, 'order': (('乙', 2), ('甲', 2), ('乙', 0), ('甲', 0)), 'value': [0.9794263955283894, 0.09532583807822008, 0.24782329418721666, 2.5549112048407485], 'utility': 0.8841005574501694, 'states': 130908, 'seconds': 1.7935811670031399}
{'kind': '固定里程碑6', 'partial': True, 'cost': 1.0, 'order': (('乙', 2), ('甲', 2), ('甲', 0), ('乙', 0)), 'value': [0.9786620190414704, 0.09483151774147061, 0.24567213648701988, 2.570970370355944], 'utility': 0.8838305012999998, 'states': 130962, 'seconds': 1.7813331249635667}
{'kind': '看初始手牌选里程碑序', 'partial': True, 'cost': 1.0, 'value': [0.9793232503422217, 0.0951890354257339, 0.24736539684588424, 2.558018403602646], 'utility': 0.8841342149164878, 'utility_gap': 0.0010192525907521954}
{'kind': '自由', 'partial': False, 'cost': 1.0, 'order': None, 'value': [0.9528097950331432, 0.19354108612402715, 0.48429630053385964, 2.0433822321905315], 'utility': 0.7592687089091161, 'states': 242391, 'seconds': 4.546721541089937}
{'kind': '固定里程碑1', 'partial': False, 'cost': 1.0, 'order': (('甲', 2), ('甲', 0), ('乙', 2), ('乙', 0)), 'value': [0.9520807677431161, 0.19369582772708951, 0.48115765023424223, 2.0433836598282085], 'utility': 0.7583849400160266, 'states': 83880, 'seconds': 1.0906459579709917}
{'kind': '固定里程碑2', 'partial': False, 'cost': 1.0, 'order': (('甲', 2), ('乙', 2), ('甲', 0), ('乙', 0)), 'value': [0.8929085928385386, 0.2218996183327514, 0.5447897534368842, 1.6406002336951735], 'utility': 0.6710089745057872, 'states': 120214, 'seconds': 1.7166861658915877}
{'kind': '固定里程碑3', 'partial': False, 'cost': 1.0, 'order': (('甲', 2), ('乙', 2), ('乙', 0), ('甲', 0)), 'value': [0.8939892043985476, 0.22289619329078714, 0.5517079520100598, 1.6576481554739413], 'utility': 0.6710930111077604, 'states': 120214, 'seconds': 1.591531916987151}
{'kind': '固定里程碑4', 'partial': False, 'cost': 1.0, 'order': (('乙', 2), ('乙', 0), ('甲', 2), ('甲', 0)), 'value': [0.9520807677431161, 0.19369582772708951, 0.48115765023424223, 2.0433836598282085], 'utility': 0.7583849400160266, 'states': 83880, 'seconds': 1.1168152911122888}
{'kind': '固定里程碑5', 'partial': False, 'cost': 1.0, 'order': (('乙', 2), ('甲', 2), ('乙', 0), ('甲', 0)), 'value': [0.8929085928385386, 0.2218996183327514, 0.5447897534368842, 1.6406002336951735], 'utility': 0.6710089745057872, 'states': 120214, 'seconds': 1.5993006669450551}
{'kind': '固定里程碑6', 'partial': False, 'cost': 1.0, 'order': (('乙', 2), ('甲', 2), ('甲', 0), ('乙', 0)), 'value': [0.8939892043985476, 0.22289619329078714, 0.5517079520100598, 1.6576481554739413], 'utility': 0.6710930111077604, 'states': 120214, 'seconds': 1.6377639579586685}
{'kind': '看初始手牌选里程碑序', 'partial': False, 'cost': 1.0, 'value': [0.9520807677431161, 0.19369582772708951, 0.48115765023424223, 2.0433836598282085], 'utility': 0.7583849400160266, 'utility_gap': 0.0008837688930894982}
