{'targets': (3, 5), 'skill': 1, 'policy': '自由', 'no_injury_completion': 0.9316685666508354, 'cold_on_success': 2.3223464363064994, 'states': 25114, 'seconds': 0.26999683305621147}
{'targets': (3, 5), 'skill': 1, 'policy': '取消压制', 'no_injury_completion': 0.9316626059826759, 'cold_on_success': 2.322506961228235, 'states': 6328, 'seconds': 0.0511074170935899}
{'targets': (3, 5), 'skill': 1, 'policy': '先完成甲', 'no_injury_completion': 0.9316626059826759, 'cold_on_success': 2.322506961228235, 'states': 5498, 'seconds': 0.03913391591049731}
{'targets': (3, 5), 'skill': 1, 'policy': '先压制', 'no_injury_completion': 0.8583121448900041, 'cold_on_success': 1.9743395109843975, 'states': 18996, 'seconds': 0.2136037501040846}
{'targets': (3, 5), 'skill': 1, 'policy': '末骰压制', 'no_injury_completion': 0.9316685666508354, 'cold_on_success': 2.3223464363064994, 'states': 22461, 'seconds': 0.25233762501738966}
{'targets': (3, 5), 'skill': 2, 'policy': '自由', 'no_injury_completion': 0.9914568874501133, 'cold_on_success': 2.835337177704971, 'states': 25114, 'seconds': 0.2893225001171231}
{'targets': (3, 5), 'skill': 2, 'policy': '取消压制', 'no_injury_completion': 0.9914245377384772, 'cold_on_success': 2.835490867793849, 'states': 6328, 'seconds': 0.0499615001026541}
{'targets': (3, 5), 'skill': 2, 'policy': '先完成甲', 'no_injury_completion': 0.9914245377384772, 'cold_on_success': 2.835490867793849, 'states': 5498, 'seconds': 0.03729337500408292}
{'targets': (3, 5), 'skill': 2, 'policy': '先压制', 'no_injury_completion': 0.9765211302484388, 'cold_on_success': 2.6754814556392175, 'states': 18996, 'seconds': 0.20356850000098348}
{'targets': (3, 5), 'skill': 2, 'policy': '末骰压制', 'no_injury_completion': 0.9914568874501133, 'cold_on_success': 2.835337177704971, 'states': 22461, 'seconds': 0.23182091698981822}
{'targets': (2, 5), 'skill': 1, 'policy': '自由', 'no_injury_completion': 0.9690088375986599, 'cold_on_success': 2.8636045392719454, 'states': 22797, 'seconds': 0.23759575001895428}
{'targets': (2, 5), 'skill': 1, 'policy': '取消压制', 'no_injury_completion': 0.9690081873439516, 'cold_on_success': 2.863621739388576, 'states': 6703, 'seconds': 0.05339908297173679}
{'targets': (2, 5), 'skill': 1, 'policy': '先完成甲', 'no_injury_completion': 0.9690051493566767, 'cold_on_success': 2.865362527500992, 'states': 6015, 'seconds': 0.04292570799589157}
{'targets': (2, 5), 'skill': 1, 'policy': '先压制', 'no_injury_completion': 0.9277135303307289, 'cold_on_success': 2.238751627671903, 'states': 16304, 'seconds': 0.1829168749973178}
{'targets': (2, 5), 'skill': 1, 'policy': '末骰压制', 'no_injury_completion': 0.9690088375986599, 'cold_on_success': 2.8636045392719454, 'states': 19777, 'seconds': 0.20725712506100535}
{'targets': (3, 4), 'skill': 1, 'policy': '自由', 'no_injury_completion': 0.9632482051787566, 'cold_on_success': 2.761261231497578, 'states': 23837, 'seconds': 0.2603706659283489}
{'targets': (3, 4), 'skill': 1, 'policy': '取消压制', 'no_injury_completion': 0.9620456468774887, 'cold_on_success': 2.7644650439979004, 'states': 5782, 'seconds': 0.04689999995753169}
{'targets': (3, 4), 'skill': 1, 'policy': '先完成甲', 'no_injury_completion': 0.9620456468774887, 'cold_on_success': 2.7644650439979004, 'states': 4973, 'seconds': 0.03500637481920421}
{'targets': (3, 4), 'skill': 1, 'policy': '先压制', 'no_injury_completion': 0.9241658710099957, 'cold_on_success': 2.197315287256232, 'states': 18265, 'seconds': 0.20947262505069375}
{'targets': (3, 4), 'skill': 1, 'policy': '末骰压制', 'no_injury_completion': 0.9632372167284599, 'cold_on_success': 2.7612023204336587, 'states': 21688, 'seconds': 0.2646436251234263}
