{'kind': '自由', 'partial': True, 'cost': 0.0, 'order': None, 'value': [0.9983624430234767, 0.21981867706506217, 0.45824158755443983, 1.8167050011810266], 'utility': 0.9983624430234767, 'states': 261867, 'seconds': 5.3747712501790375}
{'kind': '固定里程碑1', 'partial': True, 'cost': 0.0, 'order': (('甲', 2), ('甲', 0), ('乙', 2), ('乙', 0)), 'value': [0.9973732096699757, 0.23409074988876058, 0.49068274635727893, 1.843642113627529], 'utility': 0.9973732096699757, 'states': 85557, 'seconds': 1.153090083040297}
{'kind': '固定里程碑2', 'partial': True, 'cost': 0.0, 'order': (('甲', 2), ('乙', 2), ('甲', 0), ('乙', 0)), 'value': [0.9983330776863285, 0.222146864927345, 0.46537630558181275, 1.7677033095796704], 'utility': 0.9983330776863285, 'states': 126824, 'seconds': 1.8721823750529438}
{'kind': '固定里程碑3', 'partial': True, 'cost': 0.0, 'order': (('甲', 2), ('乙', 2), ('乙', 0), ('甲', 0)), 'value': [0.9983278458829815, 0.22232801209987832, 0.46721666010186924, 1.7643201406294267], 'utility': 0.9983278458829815, 'states': 126824, 'seconds': 1.7841013339348137}
{'kind': '固定里程碑4', 'partial': True, 'cost': 0.0, 'order': (('乙', 2), ('乙', 0), ('甲', 2), ('甲', 0)), 'value': [0.9949730626277209, 0.35822614631148425, 0.8645739284659558, 1.6849179069165574], 'utility': 0.9949730626277209, 'states': 89848, 'seconds': 1.2130744161549956}
{'kind': '固定里程碑5', 'partial': True, 'cost': 0.0, 'order': (('乙', 2), ('甲', 2), ('乙', 0), ('甲', 0)), 'value': [0.9970927197863603, 0.2501897217956637, 0.5630917593806382, 1.767041662650701], 'utility': 0.9970927197863603, 'states': 131272, 'seconds': 1.8680630838498473}
{'kind': '固定里程碑6', 'partial': True, 'cost': 0.0, 'order': (('乙', 2), ('甲', 2), ('甲', 0), ('乙', 0)), 'value': [0.9970700174522614, 0.2504271220794043, 0.563855591890461, 1.7626021769818376], 'utility': 0.9970700174522614, 'states': 131326, 'seconds': 1.8635876248590648}
{'kind': '看初始手牌选里程碑序', 'cost': 0.0, 'value': [0.9983347278983631, 0.22191405665892547, 0.4659821950916005, 1.7691173483967249], 'utility': 0.9983347278983631, 'utility_gap': 2.7715125113569883e-05}
{'partial': True, 'cost': 0.0, 'order': None, 'value': [0.9981428190575267, 0.2275359678039069, 0.4695081885635564, 1.8469331915540987], 'utility': 0.9981428190575267, 'states': 147783, 'seconds': 2.137600583024323, 'kind': '到期优先-先完成-平手甲', 'utility_gap': 0.00021962396594998879}
{'partial': True, 'cost': 0.0, 'order': None, 'value': [0.9981428190575267, 0.2275359678039069, 0.4695081885635564, 1.8469331915540987], 'utility': 0.9981428190575267, 'states': 187881, 'seconds': 2.689662791788578, 'kind': '到期优先-先完成-平手乙', 'utility_gap': 0.00021962396594998879}
{'partial': True, 'cost': 0.0, 'order': None, 'value': [0.9983338234269209, 0.2220115797398114, 0.46796348139266025, 1.7611701902388903], 'utility': 0.9983338234269209, 'states': 143152, 'seconds': 2.1446539170574397, 'kind': '到期优先-先解除-平手甲', 'utility_gap': 2.8619596555756743e-05}
{'partial': True, 'cost': 0.0, 'order': None, 'value': [0.9983338234269209, 0.2220115797398114, 0.46796348139266025, 1.7611701902388903], 'utility': 0.9983338234269209, 'states': 180562, 'seconds': 2.627836416941136, 'kind': '到期优先-先解除-平手乙', 'utility_gap': 2.8619596555756743e-05}
{'kind': '自由', 'partial': True, 'cost': 1.0, 'order': None, 'value': [0.9831552338495255, 0.059687697433161824, 0.1268116963362088, 2.624710425680966], 'utility': 0.9234675364163637, 'states': 261867, 'seconds': 5.146825833944604}
{'kind': '固定里程碑1', 'partial': True, 'cost': 1.0, 'order': (('甲', 2), ('甲', 0), ('乙', 2), ('乙', 0)), 'value': [0.9672669408896075, 0.06555745167548467, 0.14961201124719456, 2.618047099096463], 'utility': 0.9017094892141229, 'states': 85557, 'seconds': 1.2333484590053558}
{'kind': '固定里程碑2', 'partial': True, 'cost': 1.0, 'order': (('甲', 2), ('乙', 2), ('甲', 0), ('乙', 0)), 'value': [0.9825687985548672, 0.06006487951091217, 0.12648280863941966, 2.6304651582469987], 'utility': 0.922503919043955, 'states': 126824, 'seconds': 1.782014791155234}
{'kind': '固定里程碑3', 'partial': True, 'cost': 1.0, 'order': (('甲', 2), ('乙', 2), ('乙', 0), ('甲', 0)), 'value': [0.9818851982216106, 0.05951555675518795, 0.1250802036732105, 2.6206590109374446], 'utility': 0.9223696414664226, 'states': 126824, 'seconds': 1.7461925419047475}
{'kind': '固定里程碑4', 'partial': True, 'cost': 1.0, 'order': (('乙', 2), ('乙', 0), ('甲', 2), ('甲', 0)), 'value': [0.9454913252137106, 0.09217272498421576, 0.2012244930466919, 2.3490449888139238], 'utility': 0.8533186002294948, 'states': 89848, 'seconds': 1.2191651249304414}
{'kind': '固定里程碑5', 'partial': True, 'cost': 1.0, 'order': (('乙', 2), ('甲', 2), ('乙', 0), ('甲', 0)), 'value': [0.9740210975193081, 0.07620324358686817, 0.16074091509201888, 2.566299252111363], 'utility': 0.89781785393244, 'states': 131272, 'seconds': 1.8759192498400807}
{'kind': '固定里程碑6', 'partial': True, 'cost': 1.0, 'order': (('乙', 2), ('甲', 2), ('甲', 0), ('乙', 0)), 'value': [0.973514663398968, 0.0758243956666665, 0.15956806133425214, 2.5875320979347505], 'utility': 0.8976902677323014, 'states': 131326, 'seconds': 1.7861775839701295}
{'kind': '看初始手牌选里程碑序', 'cost': 1.0, 'value': [0.9825075801625371, 0.0599850069865358, 0.12636030014075056, 2.6226908765093313], 'utility': 0.9225225731760014, 'utility_gap': 0.0009449632403623065}
{'partial': True, 'cost': 1.0, 'order': None, 'value': [0.9808271811705176, 0.061021917529682376, 0.12758956499576724, 2.8331967722073808], 'utility': 0.9198052636408353, 'states': 147783, 'seconds': 2.07219829200767, 'kind': '到期优先-先完成-平手甲', 'utility_gap': 0.003662272775528441}
{'partial': True, 'cost': 1.0, 'order': None, 'value': [0.9808476805814166, 0.06104874904519724, 0.12765509710399836, 2.833204917046305], 'utility': 0.9197989315362194, 'states': 187881, 'seconds': 2.70111804199405, 'kind': '到期优先-先完成-平手乙', 'utility_gap': 0.0036686048801443105}
{'partial': True, 'cost': 1.0, 'order': None, 'value': [0.9818739748553483, 0.05945341905888266, 0.12515134419739526, 2.6111103887553035], 'utility': 0.9224205557964656, 'states': 143152, 'seconds': 2.087656417163089, 'kind': '到期优先-先解除-平手甲', 'utility_gap': 0.0010469806198980525}
{'partial': True, 'cost': 1.0, 'order': None, 'value': [0.98189167769242, 0.05947786822984721, 0.12521384284459366, 2.6111155764646146], 'utility': 0.9224138094625728, 'states': 180562, 'seconds': 2.5859215001109987, 'kind': '到期优先-先解除-平手乙', 'utility_gap': 0.0010537269537909122}
